[01/30] scenario 00: dynamic_collision
[02/30] scenario 01: dynamic_collision
[03/30] scenario 02: success
[04/30] scenario 03: static_collision_1
[05/30] scenario 04: success
[06/30] scenario 05: dynamic_collision
[07/30] scenario 06: success
[08/30] scenario 07: success
[09/30] scenario 08: success
[10/30] scenario 09: dynamic_collision
[11/30] scenario 10: success
[12/30] scenario 11: dynamic_collision
[13/30] scenario 12: success
[14/30] scenario 13: static_collision_2
[15/30] scenario 14: success
[16/30] scenario 15: dynamic_collision
[17/30] scenario 16: success
[18/30] scenario 17: static_collision_2
[19/30] scenario 18: static_collision_1
[20/30] scenario 19: success
[21/30] scenario 20: success
[22/30] scenario 21: dynamic_collision
[23/30] scenario 22: success
[24/30] scenario 23: static_collision_2
[25/30] scenario 24: success
[26/30] scenario 25: static_collision_2
[27/30] scenario 26: static_collision_2
[28/30] scenario 27: dynamic_collision
[29/30] scenario 28: success
[30/30] scenario 29: static_collision_1
[31/30] scenario 30: static_collision_2
[32/30] scenario 31: success
[33/30] scenario 32: dynamic_collision
[34/30] scenario 33: static_collision_2
[35/30] scenario 34: static_collision_1
[36/30] scenario 35: static_collision_1
[37/30] scenario 36: success
[38/30] scenario 37: success
[39/30] scenario 38: static_collision_1
[40/30] scenario 39: dynamic_collision
[41/30] scenario 40: success
[42/30] scenario 41: success
[43/30] scenario 42: success
[44/30] scenario 43: success
[45/30] scenario 44: success
[46/30] scenario 45: success
[47/30] scenario 46: success
[48/30] scenario 47: dynamic_collision
[49/30] scenario 48: static_collision_2
[50/30] scenario 49: static_collision_2
[51/30] scenario 50: success
[52/30] scenario 51: success
[53/30] scenario 52: static_collision_2
[54/30] scenario 53: success
[55/30] scenario 54: static_collision_2
[56/30] scenario 55: static_collision_2
[57/30] scenario 56: static_collision_2
[58/30] scenario 57: static_collision_2
[59/30] scenario 58: dynamic_collision
[60/30] scenario 59: success
Evaluation outputs saved to D:\PycharmProjects\simple-dynamic-path-planning\results\round1\round0\common_fixed
{
  "total_scenarios": 60,
  "success_count": 28,
  "success_rate": 0.4666666666666667,
  "success_rate_wilson_95": [
    0.34627906041438494,
    0.5910657297284211
  ],
  "collision_count": 32,
  "collision_rate": 0.5333333333333333,
  "collision_rate_wilson_95": [
    0.4089342702715789,
    0.6537209395856151
  ],
  "static_collision_count": 20,
  "static_collision_rate": 0.3333333333333333,
  "dynamic_collision_count": 12,
  "dynamic_collision_rate": 0.2,
  "out_of_bounds_count": 0,
  "out_of_bounds_rate": 0.0,
  "timeout_count": 0,
  "timeout_rate": 0.0,
  "average_reward": 587.0673677064783,
  "average_steps": 105.43333333333334,
  "average_navigation_time": 21.086666666666666,
  "average_path_length": 60.56000000000002,
  "successful_average_path_length": 81.75000000000003,
  "successful_average_path_efficiency": 0.943368444055942,
  "average_final_goal_distance": 23.095230858284207,
  "average_min_static_clearance": 3.344525399626172,
  "average_min_dynamic_clearance": 8.181740317999452,
  "_provenance": {
    "evaluated_at": "2026-09-07T01:52:35+00:00",
    "model_path": "D:\\PycharmProjects\\simple-dynamic-path-planning\\runs\\round0-baseline-seed1\\models\\best\\best_model.zip",
    "model_sha256": "c87ab82495e490f1179a12afcec74023b73c6da6a47a420433330ce5ae34e9bf",
    "run_dir": "D:\\PycharmProjects\\simple-dynamic-path-planning\\runs\\round0-baseline-seed1",
    "run_id": "round0-baseline-seed1",
    "scenario_file": "D:\\PycharmProjects\\simple-dynamic-path-planning\\configs\\round1\\common_fixed.json",
    "dataset_name": "round1-A-diagnostic-3201",
    "dataset_split": "diagnostic",
    "dataset_seed": 3201,
    "dataset_hash": "363d8bb7d256dd0a8f6b15fd138b421eeb12b666793a400a5fbac0293c11a07e",
    "observation_schema_version": "center-distance-16-v1",
    "reward_schema_version": "linear-center-distance-v1",
    "model_schema_verified_from_run_metadata": true,
    "deterministic_policy": true,
    "source_manifest": {
      "experiment_utils.py": "6da1707d290aa6110e6100ee363af728c64f1341705a7599a5a986766f11760c",
      "envs/__init__.py": "296e3bc1307a752a43eef5fc30d6a778c99942a466d4ac6a63f311c1882a3555",
      "envs/dynamic_path_env.py": "9f7c021128662d44cf7f1570b217f5bdd7ac7e6b0619753e09ea549e88181f0f",
      "envs/scenario_dataset.py": "f370f2517d3db192613933b202ced6182c6c9ec18a72a94c87729f334ea109eb",
      "envs/encounters.py": "67fc0cc04a97594fe025c3abbe7f4bbb7a2bba5ac25bb2068fe622bc7c734ee1",
      "envs/round_one_dataset.py": "9b043eff7db92d653af997a6a2efb2dad67a6fb4d608ca4ac425479ad422d148",
      "scripts/train.py": "4a66cdc56190b45c895e1c5e81e4db697b4c75351985a4ccb609e795eb17faad",
      "scripts/evaluate.py": "d8807de85f4971c6bc95f327486cae27ba4b851139b58ce4752613a7a75c3e8c",
      "scripts/evaluate_counterfactual.py": "9e0eabdbe9f20e09d8b584db77a6444f3f6be0adbd919449810e035b45c230ff"
    },
    "dependencies": {
      "python": "3.11.7",
      "numpy": "1.26.4",
      "gymnasium": "1.2.3",
      "stable-baselines3": "2.8.0",
      "torch": "2.5.1",
      "matplotlib": "3.8.4",
      "pandas": "2.3.3"
    },
    "environment": {
      "map_size": [
        100.0,
        100.0
      ],
      "dt": 0.2,
      "v_max": 3.0,
      "omega_max": 0.7853981633974483,
      "linear_acceleration_max": 1.5,
      "angular_acceleration_max": 0.7853981633974483,
      "agent_radius": 1.0,
      "goal_threshold": 3.0,
      "static_safe_distance": 7.0,
      "dynamic_safe_distance": 8.0,
      "max_steps": 600,
      "observation_shape": [
        16
      ],
      "action_shape": [
        2
      ],
      "observation_schema_version": "center-distance-16-v1",
      "reward_schema_version": "linear-center-distance-v1",
      "stage": "A",
      "encounter_config": {
        "version": "encounters-v1",
        "static_radius": 4.0,
        "dynamic_radius": 3.0,
        "velocity_scale": 4.8,
        "target_max_speed": 1.8,
        "types": [
          "head_on",
          "crossing_left",
          "crossing_right",
          "overtaking"
        ],
        "type_probabilities": [
          0.25,
          0.25,
          0.25,
          0.25
        ],
        "risks": [
          "conflict",
          "time_separated",
          "receding"
        ],
        "risk_probabilities": [
          0.6,
          0.25,
          0.15
        ],
        "layouts": [
          "clear",
          "blocking",
          "mixed",
          "two_sides"
        ],
        "layout_probabilities": [
          0.3,
          0.2,
          0.3,
          0.2
        ],
        "layout_risk_rule": "D blocking: time_separated/receding 0.625/0.375; mixed: conflict; others: risk_probabilities",
        "target_speed_range": [
          0.6,
          1.5
        ],
        "meeting_time_range": [
          12.0,
          26.0
        ],
        "crossing_angle_degrees": [
          55.0,
          125.0
        ],
        "nominal_speed": 2.0,
        "nominal_acceleration": 1.5,
        "time_horizon": 120.0,
        "max_attempts": 1500,
        "exit_behavior": "continue_straight_outside_map",
        "feasibility": "executed waypoint-controller witness, dt=0.2, same speed/acceleration limits"
      }
    },
    "model_num_timesteps": 170000,
    "legacy_training_identity_unverified": false,
    "cross_stage_diagnostic": true,
    "model_stage": "legacy",
    "dataset_stage": "A"
  }
}
