Using cpu device
Wrapping the env in a DummyVecEnv.
Logging to D:\PycharmProjects\simple-dynamic-path-planning\runs\round3-instant-seed3\logs\tensorboard\PPO_1
---------------------------------
| rollout/           |          |
|    ep_len_mean     | 155      |
|    ep_rew_mean     | -71.8    |
|    success_rate    | 0        |
| time/              |          |
|    fps             | 1618     |
|    iterations      | 1        |
|    time_elapsed    | 1        |
|    total_timesteps | 2048     |
---------------------------------
-----------------------------------------
| rollout/                |             |
|    ep_len_mean          | 209         |
|    ep_rew_mean          | 6.25        |
|    success_rate         | 0           |
| time/                   |             |
|    fps                  | 1325        |
|    iterations           | 2           |
|    time_elapsed         | 3           |
|    total_timesteps      | 4096        |
| train/                  |             |
|    approx_kl            | 0.006021423 |
|    clip_fraction        | 0.0244      |
|    clip_range           | 0.2         |
|    entropy_loss         | -2.84       |
|    explained_variance   | -0.00438    |
|    learning_rate        | 0.0001      |
|    loss                 | 874         |
|    n_updates            | 10          |
|    policy_gradient_loss | -0.0064     |
|    std                  | 1           |
|    value_loss           | 1.76e+03    |
-----------------------------------------
------------------------------------------
| rollout/                |              |
|    ep_len_mean          | 230          |
|    ep_rew_mean          | 83.2         |
|    success_rate         | 0            |
| time/                   |              |
|    fps                  | 1281         |
|    iterations           | 3            |
|    time_elapsed         | 4            |
|    total_timesteps      | 6144         |
| train/                  |              |
|    approx_kl            | 0.0059212903 |
|    clip_fraction        | 0.0284       |
|    clip_range           | 0.2          |
|    entropy_loss         | -2.84        |
|    explained_variance   | 0.0545       |
|    learning_rate        | 0.0001       |
|    loss                 | 568          |
|    n_updates            | 20           |
|    policy_gradient_loss | -0.00945     |
|    std                  | 1            |
|    value_loss           | 1.24e+03     |
------------------------------------------
------------------------------------------
| rollout/                |              |
|    ep_len_mean          | 235          |
|    ep_rew_mean          | 135          |
|    success_rate         | 0.0303       |
| time/                   |              |
|    fps                  | 1254         |
|    iterations           | 4            |
|    time_elapsed         | 6            |
|    total_timesteps      | 8192         |
| train/                  |              |
|    approx_kl            | 0.0038861942 |
|    clip_fraction        | 0.00815      |
|    clip_range           | 0.2          |
|    entropy_loss         | -2.84        |
|    explained_variance   | 0.104        |
|    learning_rate        | 0.0001       |
|    loss                 | 672          |
|    n_updates            | 30           |
|    policy_gradient_loss | -0.00399     |
|    std                  | 1            |
|    value_loss           | 1.43e+03     |
------------------------------------------
round3-instant-seed3 validation 10000-40: 19/60, base=416.572, shaped=407.427
------------------------------------------
| rollout/                |              |
|    ep_len_mean          | 252          |
|    ep_rew_mean          | 197          |
|    success_rate         | 0.075        |
| time/                   |              |
|    fps                  | 757          |
|    iterations           | 5            |
|    time_elapsed         | 13           |
|    total_timesteps      | 10240        |
| train/                  |              |
|    approx_kl            | 0.0037127868 |
|    clip_fraction        | 0.0131       |
|    clip_range           | 0.2          |
|    entropy_loss         | -2.84        |
|    explained_variance   | 0.164        |
|    learning_rate        | 0.0001       |
|    loss                 | 719          |
|    n_updates            | 40           |
|    policy_gradient_loss | -0.00521     |
|    std                  | 1            |
|    value_loss           | 1.5e+03      |
------------------------------------------
-----------------------------------------
| rollout/                |             |
|    ep_len_mean          | 230         |
|    ep_rew_mean          | 216         |
|    success_rate         | 0.0755      |
| time/                   |             |
|    fps                  | 793         |
|    iterations           | 6           |
|    time_elapsed         | 15          |
|    total_timesteps      | 12288       |
| train/                  |             |
|    approx_kl            | 0.002873336 |
|    clip_fraction        | 0.00527     |
|    clip_range           | 0.2         |
|    entropy_loss         | -2.83       |
|    explained_variance   | 0.175       |
|    learning_rate        | 0.0001      |
|    loss                 | 960         |
|    n_updates            | 50          |
|    policy_gradient_loss | -0.00331    |
|    std                  | 0.998       |
|    value_loss           | 1.67e+03    |
-----------------------------------------
------------------------------------------
| rollout/                |              |
|    ep_len_mean          | 214          |
|    ep_rew_mean          | 244          |
|    success_rate         | 0.0896       |
| time/                   |              |
|    fps                  | 830          |
|    iterations           | 7            |
|    time_elapsed         | 17           |
|    total_timesteps      | 14336        |
| train/                  |              |
|    approx_kl            | 0.0027396292 |
|    clip_fraction        | 0.00522      |
|    clip_range           | 0.2          |
|    entropy_loss         | -2.84        |
|    explained_variance   | 0.103        |
|    learning_rate        | 0.0001       |
|    loss                 | 1.2e+03      |
|    n_updates            | 60           |
|    policy_gradient_loss | -0.00306     |
|    std                  | 1            |
|    value_loss           | 2.51e+03     |
------------------------------------------
------------------------------------------
| rollout/                |              |
|    ep_len_mean          | 197          |
|    ep_rew_mean          | 246          |
|    success_rate         | 0.0964       |
| time/                   |              |
|    fps                  | 863          |
|    iterations           | 8            |
|    time_elapsed         | 18           |
|    total_timesteps      | 16384        |
| train/                  |              |
|    approx_kl            | 0.0049709193 |
|    clip_fraction        | 0.0259       |
|    clip_range           | 0.2          |
|    entropy_loss         | -2.84        |
|    explained_variance   | 0.0821       |
|    learning_rate        | 0.0001       |
|    loss                 | 1.02e+03     |
|    n_updates            | 70           |
|    policy_gradient_loss | -0.00596     |
|    std                  | 0.997        |
|    value_loss           | 2.95e+03     |
------------------------------------------
------------------------------------------
| rollout/                |              |
|    ep_len_mean          | 188          |
|    ep_rew_mean          | 262          |
|    success_rate         | 0.115        |
| time/                   |              |
|    fps                  | 887          |
|    iterations           | 9            |
|    time_elapsed         | 20           |
|    total_timesteps      | 18432        |
| train/                  |              |
|    approx_kl            | 0.0048023784 |
|    clip_fraction        | 0.018        |
|    clip_range           | 0.2          |
|    entropy_loss         | -2.84        |
|    explained_variance   | 0.0707       |
|    learning_rate        | 0.0001       |
|    loss                 | 1.41e+03     |
|    n_updates            | 80           |
|    policy_gradient_loss | -0.00335     |
|    std                  | 1            |
|    value_loss           | 2.87e+03     |
------------------------------------------
round3-instant-seed3 validation 20000-90: 13/60, base=311.181, shaped=306.803
------------------------------------------
| rollout/                |              |
|    ep_len_mean          | 189          |
|    ep_rew_mean          | 302          |
|    success_rate         | 0.13         |
| time/                   |              |
|    fps                  | 785          |
|    iterations           | 10           |
|    time_elapsed         | 26           |
|    total_timesteps      | 20480        |
| train/                  |              |
|    approx_kl            | 0.0030502817 |
|    clip_fraction        | 0.00649      |
|    clip_range           | 0.2          |
|    entropy_loss         | -2.84        |
|    explained_variance   | 0.0359       |
|    learning_rate        | 0.0001       |
|    loss                 | 1.22e+03     |
|    n_updates            | 90           |
|    policy_gradient_loss | -0.003       |
|    std                  | 1.01         |
|    value_loss           | 3.11e+03     |
------------------------------------------
------------------------------------------
| rollout/                |              |
|    ep_len_mean          | 167          |
|    ep_rew_mean          | 350          |
|    success_rate         | 0.18         |
| time/                   |              |
|    fps                  | 806          |
|    iterations           | 11           |
|    time_elapsed         | 27           |
|    total_timesteps      | 22528        |
| train/                  |              |
|    approx_kl            | 0.0044772504 |
|    clip_fraction        | 0.0149       |
|    clip_range           | 0.2          |
|    entropy_loss         | -2.85        |
|    explained_variance   | 0.197        |
|    learning_rate        | 0.0001       |
|    loss                 | 1.32e+03     |
|    n_updates            | 100          |
|    policy_gradient_loss | -0.00419     |
|    std                  | 1.01         |
|    value_loss           | 2.74e+03     |
------------------------------------------
-------------------------------------------
| rollout/                |               |
|    ep_len_mean          | 154           |
|    ep_rew_mean          | 373           |
|    success_rate         | 0.21          |
| time/                   |               |
|    fps                  | 827           |
|    iterations           | 12            |
|    time_elapsed         | 29            |
|    total_timesteps      | 24576         |
| train/                  |               |
|    approx_kl            | 0.00093892985 |
|    clip_fraction        | 0.000586      |
|    clip_range           | 0.2           |
|    entropy_loss         | -2.85         |
|    explained_variance   | 0.0205        |
|    learning_rate        | 0.0001        |
|    loss                 | 2.12e+03      |
|    n_updates            | 110           |
|    policy_gradient_loss | -0.0018       |
|    std                  | 1             |
|    value_loss           | 4.13e+03      |
-------------------------------------------
----------------------------------------
| rollout/                |            |
|    ep_len_mean          | 150        |
|    ep_rew_mean          | 399        |
|    success_rate         | 0.25       |
| time/                   |            |
|    fps                  | 847        |
|    iterations           | 13         |
|    time_elapsed         | 31         |
|    total_timesteps      | 26624      |
| train/                  |            |
|    approx_kl            | 0.00566878 |
|    clip_fraction        | 0.0327     |
|    clip_range           | 0.2        |
|    entropy_loss         | -2.85      |
|    explained_variance   | 0.0023     |
|    learning_rate        | 0.0001     |
|    loss                 | 1.87e+03   |
|    n_updates            | 120        |
|    policy_gradient_loss | -0.00464   |
|    std                  | 1.01       |
|    value_loss           | 3.96e+03   |
----------------------------------------
-----------------------------------------
| rollout/                |             |
|    ep_len_mean          | 145         |
|    ep_rew_mean          | 426         |
|    success_rate         | 0.29        |
| time/                   |             |
|    fps                  | 864         |
|    iterations           | 14          |
|    time_elapsed         | 33          |
|    total_timesteps      | 28672       |
| train/                  |             |
|    approx_kl            | 0.004609556 |
|    clip_fraction        | 0.019       |
|    clip_range           | 0.2         |
|    entropy_loss         | -2.85       |
|    explained_variance   | 0.199       |
|    learning_rate        | 0.0001      |
|    loss                 | 1.9e+03     |
|    n_updates            | 130         |
|    policy_gradient_loss | -0.00547    |
|    std                  | 1.01        |
|    value_loss           | 3.88e+03    |
-----------------------------------------
round3-instant-seed3 validation 30000-140: 19/60, base=378.857, shaped=375.404
------------------------------------------
| rollout/                |              |
|    ep_len_mean          | 143          |
|    ep_rew_mean          | 447          |
|    success_rate         | 0.31         |
| time/                   |              |
|    fps                  | 807          |
|    iterations           | 15           |
|    time_elapsed         | 38           |
|    total_timesteps      | 30720        |
| train/                  |              |
|    approx_kl            | 0.0024764882 |
|    clip_fraction        | 0.00352      |
|    clip_range           | 0.2          |
|    entropy_loss         | -2.85        |
|    explained_variance   | 0.0177       |
|    learning_rate        | 0.0001       |
|    loss                 | 2.47e+03     |
|    n_updates            | 140          |
|    policy_gradient_loss | -0.00236     |
|    std                  | 1.01         |
|    value_loss           | 4.6e+03      |
------------------------------------------
------------------------------------------
| rollout/                |              |
|    ep_len_mean          | 134          |
|    ep_rew_mean          | 457          |
|    success_rate         | 0.33         |
| time/                   |              |
|    fps                  | 820          |
|    iterations           | 16           |
|    time_elapsed         | 39           |
|    total_timesteps      | 32768        |
| train/                  |              |
|    approx_kl            | 0.0027408067 |
|    clip_fraction        | 0.00854      |
|    clip_range           | 0.2          |
|    entropy_loss         | -2.86        |
|    explained_variance   | -0.0101      |
|    learning_rate        | 0.0001       |
|    loss                 | 1.58e+03     |
|    n_updates            | 150          |
|    policy_gradient_loss | -0.00324     |
|    std                  | 1.01         |
|    value_loss           | 3.91e+03     |
------------------------------------------
-----------------------------------------
| rollout/                |             |
|    ep_len_mean          | 132         |
|    ep_rew_mean          | 476         |
|    success_rate         | 0.37        |
| time/                   |             |
|    fps                  | 834         |
|    iterations           | 17          |
|    time_elapsed         | 41          |
|    total_timesteps      | 34816       |
| train/                  |             |
|    approx_kl            | 0.004424866 |
|    clip_fraction        | 0.0117      |
|    clip_range           | 0.2         |
|    entropy_loss         | -2.86       |
|    explained_variance   | -5.87e-05   |
|    learning_rate        | 0.0001      |
|    loss                 | 2.3e+03     |
|    n_updates            | 160         |
|    policy_gradient_loss | -0.00233    |
|    std                  | 1.01        |
|    value_loss           | 4.77e+03    |
-----------------------------------------
------------------------------------------
| rollout/                |              |
|    ep_len_mean          | 128          |
|    ep_rew_mean          | 465          |
|    success_rate         | 0.36         |
| time/                   |              |
|    fps                  | 848          |
|    iterations           | 18           |
|    time_elapsed         | 43           |
|    total_timesteps      | 36864        |
| train/                  |              |
|    approx_kl            | 0.0041863294 |
|    clip_fraction        | 0.00981      |
|    clip_range           | 0.2          |
|    entropy_loss         | -2.86        |
|    explained_variance   | 0.00804      |
|    learning_rate        | 0.0001       |
|    loss                 | 2.59e+03     |
|    n_updates            | 170          |
|    policy_gradient_loss | -0.0027      |
|    std                  | 1.01         |
|    value_loss           | 4.51e+03     |
------------------------------------------
------------------------------------------
| rollout/                |              |
|    ep_len_mean          | 130          |
|    ep_rew_mean          | 500          |
|    success_rate         | 0.4          |
| time/                   |              |
|    fps                  | 860          |
|    iterations           | 19           |
|    time_elapsed         | 45           |
|    total_timesteps      | 38912        |
| train/                  |              |
|    approx_kl            | 0.0049953195 |
|    clip_fraction        | 0.0195       |
|    clip_range           | 0.2          |
|    entropy_loss         | -2.85        |
|    explained_variance   | 0.112        |
|    learning_rate        | 0.0001       |
|    loss                 | 2.31e+03     |
|    n_updates            | 180          |
|    policy_gradient_loss | -0.00467     |
|    std                  | 1.01         |
|    value_loss           | 4.67e+03     |
------------------------------------------
round3-instant-seed3 validation 40000-190: 19/60, base=378.905, shaped=376.196
-----------------------------------------
| rollout/                |             |
|    ep_len_mean          | 123         |
|    ep_rew_mean          | 485         |
|    success_rate         | 0.39        |
| time/                   |             |
|    fps                  | 821         |
|    iterations           | 20          |
|    time_elapsed         | 49          |
|    total_timesteps      | 40960       |
| train/                  |             |
|    approx_kl            | 0.003045875 |
|    clip_fraction        | 0.0121      |
|    clip_range           | 0.2         |
|    entropy_loss         | -2.85       |
|    explained_variance   | 0.0156      |
|    learning_rate        | 0.0001      |
|    loss                 | 1.94e+03    |
|    n_updates            | 190         |
|    policy_gradient_loss | -0.0028     |
|    std                  | 1           |
|    value_loss           | 5.21e+03    |
-----------------------------------------
------------------------------------------
| rollout/                |              |
|    ep_len_mean          | 126          |
|    ep_rew_mean          | 517          |
|    success_rate         | 0.43         |
| time/                   |              |
|    fps                  | 830          |
|    iterations           | 21           |
|    time_elapsed         | 51           |
|    total_timesteps      | 43008        |
| train/                  |              |
|    approx_kl            | 0.0020438875 |
|    clip_fraction        | 0.0042       |
|    clip_range           | 0.2          |
|    entropy_loss         | -2.85        |
|    explained_variance   | 0.000165     |
|    learning_rate        | 0.0001       |
|    loss                 | 2.46e+03     |
|    n_updates            | 200          |
|    policy_gradient_loss | -0.00294     |
|    std                  | 1.01         |
|    value_loss           | 5.2e+03      |
------------------------------------------
-----------------------------------------
| rollout/                |             |
|    ep_len_mean          | 125         |
|    ep_rew_mean          | 521         |
|    success_rate         | 0.43        |
| time/                   |             |
|    fps                  | 840         |
|    iterations           | 22          |
|    time_elapsed         | 53          |
|    total_timesteps      | 45056       |
| train/                  |             |
|    approx_kl            | 0.004520689 |
|    clip_fraction        | 0.0302      |
|    clip_range           | 0.2         |
|    entropy_loss         | -2.85       |
|    explained_variance   | 0.00947     |
|    learning_rate        | 0.0001      |
|    loss                 | 2.07e+03    |
|    n_updates            | 210         |
|    policy_gradient_loss | -0.00457    |
|    std                  | 1.01        |
|    value_loss           | 4.86e+03    |
-----------------------------------------
------------------------------------------
| rollout/                |              |
|    ep_len_mean          | 125          |
|    ep_rew_mean          | 542          |
|    success_rate         | 0.46         |
| time/                   |              |
|    fps                  | 844          |
|    iterations           | 23           |
|    time_elapsed         | 55           |
|    total_timesteps      | 47104        |
| train/                  |              |
|    approx_kl            | 0.0037157135 |
|    clip_fraction        | 0.0222       |
|    clip_range           | 0.2          |
|    entropy_loss         | -2.85        |
|    explained_variance   | -5.45e-05    |
|    learning_rate        | 0.0001       |
|    loss                 | 2.15e+03     |
|    n_updates            | 220          |
|    policy_gradient_loss | -0.00338     |
|    std                  | 1.01         |
|    value_loss           | 5.28e+03     |
------------------------------------------
------------------------------------------
| rollout/                |              |
|    ep_len_mean          | 122          |
|    ep_rew_mean          | 540          |
|    success_rate         | 0.46         |
| time/                   |              |
|    fps                  | 853          |
|    iterations           | 24           |
|    time_elapsed         | 57           |
|    total_timesteps      | 49152        |
| train/                  |              |
|    approx_kl            | 0.0038753855 |
|    clip_fraction        | 0.00923      |
|    clip_range           | 0.2          |
|    entropy_loss         | -2.85        |
|    explained_variance   | -1.17e-05    |
|    learning_rate        | 0.0001       |
|    loss                 | 2.58e+03     |
|    n_updates            | 230          |
|    policy_gradient_loss | -0.00152     |
|    std                  | 1            |
|    value_loss           | 5.35e+03     |
------------------------------------------
round3-instant-seed3 validation 50000-240: 24/60, base=446.680, shaped=443.123
------------------------------------------
| rollout/                |              |
|    ep_len_mean          | 115          |
|    ep_rew_mean          | 511          |
|    success_rate         | 0.44         |
| time/                   |              |
|    fps                  | 821          |
|    iterations           | 25           |
|    time_elapsed         | 62           |
|    total_timesteps      | 51200        |
| train/                  |              |
|    approx_kl            | 0.0055584097 |
|    clip_fraction        | 0.0349       |
|    clip_range           | 0.2          |
|    entropy_loss         | -2.84        |
|    explained_variance   | 0.000126     |
|    learning_rate        | 0.0001       |
|    loss                 | 2.9e+03      |
|    n_updates            | 240          |
|    policy_gradient_loss | -0.0042      |
|    std                  | 1            |
|    value_loss           | 5.76e+03     |
------------------------------------------
------------------------------------------
| rollout/                |              |
|    ep_len_mean          | 116          |
|    ep_rew_mean          | 529          |
|    success_rate         | 0.47         |
| time/                   |              |
|    fps                  | 829          |
|    iterations           | 26           |
|    time_elapsed         | 64           |
|    total_timesteps      | 53248        |
| train/                  |              |
|    approx_kl            | 0.0056153345 |
|    clip_fraction        | 0.0467       |
|    clip_range           | 0.2          |
|    entropy_loss         | -2.85        |
|    explained_variance   | 0.000307     |
|    learning_rate        | 0.0001       |
|    loss                 | 2.31e+03     |
|    n_updates            | 250          |
|    policy_gradient_loss | -0.00542     |
|    std                  | 1.01         |
|    value_loss           | 5.4e+03      |
------------------------------------------
------------------------------------------
| rollout/                |              |
|    ep_len_mean          | 112          |
|    ep_rew_mean          | 509          |
|    success_rate         | 0.46         |
| time/                   |              |
|    fps                  | 837          |
|    iterations           | 27           |
|    time_elapsed         | 66           |
|    total_timesteps      | 55296        |
| train/                  |              |
|    approx_kl            | 0.0046754368 |
|    clip_fraction        | 0.0288       |
|    clip_range           | 0.2          |
|    entropy_loss         | -2.85        |
|    explained_variance   | 0.000535     |
|    learning_rate        | 0.0001       |
|    loss                 | 2.58e+03     |
|    n_updates            | 260          |
|    policy_gradient_loss | -0.00314     |
|    std                  | 1.01         |
|    value_loss           | 5.48e+03     |
------------------------------------------
------------------------------------------
| rollout/                |              |
|    ep_len_mean          | 115          |
|    ep_rew_mean          | 528          |
|    success_rate         | 0.48         |
| time/                   |              |
|    fps                  | 845          |
|    iterations           | 28           |
|    time_elapsed         | 67           |
|    total_timesteps      | 57344        |
| train/                  |              |
|    approx_kl            | 0.0016950392 |
|    clip_fraction        | 0.00176      |
|    clip_range           | 0.2          |
|    entropy_loss         | -2.85        |
|    explained_variance   | -1.43e-06    |
|    learning_rate        | 0.0001       |
|    loss                 | 2.46e+03     |
|    n_updates            | 270          |
|    policy_gradient_loss | -0.00154     |
|    std                  | 1            |
|    value_loss           | 5.18e+03     |
------------------------------------------
-----------------------------------------
| rollout/                |             |
|    ep_len_mean          | 111         |
|    ep_rew_mean          | 513         |
|    success_rate         | 0.46        |
| time/                   |             |
|    fps                  | 853         |
|    iterations           | 29          |
|    time_elapsed         | 69          |
|    total_timesteps      | 59392       |
| train/                  |             |
|    approx_kl            | 0.006072288 |
|    clip_fraction        | 0.0427      |
|    clip_range           | 0.2         |
|    entropy_loss         | -2.84       |
|    explained_variance   | 0.000108    |
|    learning_rate        | 0.0001      |
|    loss                 | 2.81e+03    |
|    n_updates            | 280         |
|    policy_gradient_loss | -0.00528    |
|    std                  | 1           |
|    value_loss           | 5.44e+03    |
-----------------------------------------
round3-instant-seed3 validation 60000-290: 29/60, base=535.196, shaped=529.801
------------------------------------------
| rollout/                |              |
|    ep_len_mean          | 114          |
|    ep_rew_mean          | 522          |
|    success_rate         | 0.46         |
| time/                   |              |
|    fps                  | 821          |
|    iterations           | 30           |
|    time_elapsed         | 74           |
|    total_timesteps      | 61440        |
| train/                  |              |
|    approx_kl            | 0.0035954635 |
|    clip_fraction        | 0.022        |
|    clip_range           | 0.2          |
|    entropy_loss         | -2.84        |
|    explained_variance   | -4.68e-05    |
|    learning_rate        | 0.0001       |
|    loss                 | 3.19e+03     |
|    n_updates            | 290          |
|    policy_gradient_loss | -0.00344     |
|    std                  | 0.996        |
|    value_loss           | 5.53e+03     |
------------------------------------------
-----------------------------------------
| rollout/                |             |
|    ep_len_mean          | 114         |
|    ep_rew_mean          | 534         |
|    success_rate         | 0.47        |
| time/                   |             |
|    fps                  | 829         |
|    iterations           | 31          |
|    time_elapsed         | 76          |
|    total_timesteps      | 63488       |
| train/                  |             |
|    approx_kl            | 0.004038902 |
|    clip_fraction        | 0.0217      |
|    clip_range           | 0.2         |
|    entropy_loss         | -2.83       |
|    explained_variance   | 0.00164     |
|    learning_rate        | 0.0001      |
|    loss                 | 2.69e+03    |
|    n_updates            | 300         |
|    policy_gradient_loss | -0.00284    |
|    std                  | 0.996       |
|    value_loss           | 5.57e+03    |
-----------------------------------------
-----------------------------------------
| rollout/                |             |
|    ep_len_mean          | 115         |
|    ep_rew_mean          | 546         |
|    success_rate         | 0.47        |
| time/                   |             |
|    fps                  | 836         |
|    iterations           | 32          |
|    time_elapsed         | 78          |
|    total_timesteps      | 65536       |
| train/                  |             |
|    approx_kl            | 0.003281922 |
|    clip_fraction        | 0.00879     |
|    clip_range           | 0.2         |
|    entropy_loss         | -2.83       |
|    explained_variance   | -1.91e-06   |
|    learning_rate        | 0.0001      |
|    loss                 | 2.61e+03    |
|    n_updates            | 310         |
|    policy_gradient_loss | -0.00227    |
|    std                  | 0.995       |
|    value_loss           | 5.32e+03    |
-----------------------------------------
-----------------------------------------
| rollout/                |             |
|    ep_len_mean          | 120         |
|    ep_rew_mean          | 585         |
|    success_rate         | 0.52        |
| time/                   |             |
|    fps                  | 843         |
|    iterations           | 33          |
|    time_elapsed         | 80          |
|    total_timesteps      | 67584       |
| train/                  |             |
|    approx_kl            | 0.005516555 |
|    clip_fraction        | 0.0565      |
|    clip_range           | 0.2         |
|    entropy_loss         | -2.83       |
|    explained_variance   | -9.54e-07   |
|    learning_rate        | 0.0001      |
|    loss                 | 2.45e+03    |
|    n_updates            | 320         |
|    policy_gradient_loss | -0.00691    |
|    std                  | 0.994       |
|    value_loss           | 5.79e+03    |
-----------------------------------------
------------------------------------------
| rollout/                |              |
|    ep_len_mean          | 121          |
|    ep_rew_mean          | 595          |
|    success_rate         | 0.53         |
| time/                   |              |
|    fps                  | 851          |
|    iterations           | 34           |
|    time_elapsed         | 81           |
|    total_timesteps      | 69632        |
| train/                  |              |
|    approx_kl            | 0.0035274744 |
|    clip_fraction        | 0.0115       |
|    clip_range           | 0.2          |
|    entropy_loss         | -2.83        |
|    explained_variance   | 0.000322     |
|    learning_rate        | 0.0001       |
|    loss                 | 2.76e+03     |
|    n_updates            | 330          |
|    policy_gradient_loss | -0.0046      |
|    std                  | 0.996        |
|    value_loss           | 5.38e+03     |
------------------------------------------
round3-instant-seed3 validation 70000-340: 36/60, base=649.047, shaped=643.955
------------------------------------------
| rollout/                |              |
|    ep_len_mean          | 121          |
|    ep_rew_mean          | 598          |
|    success_rate         | 0.53         |
| time/                   |              |
|    fps                  | 821          |
|    iterations           | 35           |
|    time_elapsed         | 87           |
|    total_timesteps      | 71680        |
| train/                  |              |
|    approx_kl            | 0.0052842908 |
|    clip_fraction        | 0.0326       |
|    clip_range           | 0.2          |
|    entropy_loss         | -2.83        |
|    explained_variance   | 0.000285     |
|    learning_rate        | 0.0001       |
|    loss                 | 2.52e+03     |
|    n_updates            | 340          |
|    policy_gradient_loss | -0.00431     |
|    std                  | 0.992        |
|    value_loss           | 5.48e+03     |
------------------------------------------
------------------------------------------
| rollout/                |              |
|    ep_len_mean          | 122          |
|    ep_rew_mean          | 610          |
|    success_rate         | 0.55         |
| time/                   |              |
|    fps                  | 828          |
|    iterations           | 36           |
|    time_elapsed         | 89           |
|    total_timesteps      | 73728        |
| train/                  |              |
|    approx_kl            | 0.0064372686 |
|    clip_fraction        | 0.0702       |
|    clip_range           | 0.2          |
|    entropy_loss         | -2.82        |
|    explained_variance   | 0.00459      |
|    learning_rate        | 0.0001       |
|    loss                 | 2.51e+03     |
|    n_updates            | 350          |
|    policy_gradient_loss | -0.00689     |
|    std                  | 0.989        |
|    value_loss           | 5.56e+03     |
------------------------------------------
------------------------------------------
| rollout/                |              |
|    ep_len_mean          | 124          |
|    ep_rew_mean          | 634          |
|    success_rate         | 0.58         |
| time/                   |              |
|    fps                  | 834          |
|    iterations           | 37           |
|    time_elapsed         | 90           |
|    total_timesteps      | 75776        |
| train/                  |              |
|    approx_kl            | 0.0020154756 |
|    clip_fraction        | 0.00181      |
|    clip_range           | 0.2          |
|    entropy_loss         | -2.82        |
|    explained_variance   | 0.000163     |
|    learning_rate        | 0.0001       |
|    loss                 | 2.57e+03     |
|    n_updates            | 360          |
|    policy_gradient_loss | -0.00147     |
|    std                  | 0.989        |
|    value_loss           | 5.27e+03     |
------------------------------------------
------------------------------------------
| rollout/                |              |
|    ep_len_mean          | 127          |
|    ep_rew_mean          | 665          |
|    success_rate         | 0.62         |
| time/                   |              |
|    fps                  | 840          |
|    iterations           | 38           |
|    time_elapsed         | 92           |
|    total_timesteps      | 77824        |
| train/                  |              |
|    approx_kl            | 0.0047381036 |
|    clip_fraction        | 0.0349       |
|    clip_range           | 0.2          |
|    entropy_loss         | -2.82        |
|    explained_variance   | -1.19e-05    |
|    learning_rate        | 0.0001       |
|    loss                 | 3.09e+03     |
|    n_updates            | 370          |
|    policy_gradient_loss | -0.00516     |
|    std                  | 0.99         |
|    value_loss           | 5.86e+03     |
------------------------------------------
-----------------------------------------
| rollout/                |             |
|    ep_len_mean          | 127         |
|    ep_rew_mean          | 689         |
|    success_rate         | 0.66        |
| time/                   |             |
|    fps                  | 846         |
|    iterations           | 39          |
|    time_elapsed         | 94          |
|    total_timesteps      | 79872       |
| train/                  |             |
|    approx_kl            | 0.005813484 |
|    clip_fraction        | 0.0446      |
|    clip_range           | 0.2         |
|    entropy_loss         | -2.81       |
|    explained_variance   | -1.67e-06   |
|    learning_rate        | 0.0001      |
|    loss                 | 2.72e+03    |
|    n_updates            | 380         |
|    policy_gradient_loss | -0.0062     |
|    std                  | 0.985       |
|    value_loss           | 5.82e+03    |
-----------------------------------------
round3-instant-seed3 validation 80000-390: 41/60, base=718.631, shaped=712.888
------------------------------------------
| rollout/                |              |
|    ep_len_mean          | 125          |
|    ep_rew_mean          | 686          |
|    success_rate         | 0.66         |
| time/                   |              |
|    fps                  | 816          |
|    iterations           | 40           |
|    time_elapsed         | 100          |
|    total_timesteps      | 81920        |
| train/                  |              |
|    approx_kl            | 0.0013476266 |
|    clip_fraction        | 0.000635     |
|    clip_range           | 0.2          |
|    entropy_loss         | -2.81        |
|    explained_variance   | -2.46e-05    |
|    learning_rate        | 0.0001       |
|    loss                 | 2.57e+03     |
|    n_updates            | 390          |
|    policy_gradient_loss | -0.00123     |
|    std                  | 0.984        |
|    value_loss           | 5.79e+03     |
------------------------------------------
-----------------------------------------
| rollout/                |             |
|    ep_len_mean          | 127         |
|    ep_rew_mean          | 708         |
|    success_rate         | 0.69        |
| time/                   |             |
|    fps                  | 822         |
|    iterations           | 41          |
|    time_elapsed         | 102         |
|    total_timesteps      | 83968       |
| train/                  |             |
|    approx_kl            | 0.007851079 |
|    clip_fraction        | 0.0642      |
|    clip_range           | 0.2         |
|    entropy_loss         | -2.8        |
|    explained_variance   | -1.67e-06   |
|    learning_rate        | 0.0001      |
|    loss                 | 2.7e+03     |
|    n_updates            | 400         |
|    policy_gradient_loss | -0.00609    |
|    std                  | 0.983       |
|    value_loss           | 5.85e+03    |
-----------------------------------------
------------------------------------------
| rollout/                |              |
|    ep_len_mean          | 122          |
|    ep_rew_mean          | 693          |
|    success_rate         | 0.68         |
| time/                   |              |
|    fps                  | 827          |
|    iterations           | 42           |
|    time_elapsed         | 103          |
|    total_timesteps      | 86016        |
| train/                  |              |
|    approx_kl            | 0.0053654984 |
|    clip_fraction        | 0.0479       |
|    clip_range           | 0.2          |
|    entropy_loss         | -2.81        |
|    explained_variance   | -7.15e-07    |
|    learning_rate        | 0.0001       |
|    loss                 | 2.67e+03     |
|    n_updates            | 410          |
|    policy_gradient_loss | -0.00444     |
|    std                  | 0.988        |
|    value_loss           | 5.77e+03     |
------------------------------------------
------------------------------------------
| rollout/                |              |
|    ep_len_mean          | 118          |
|    ep_rew_mean          | 668          |
|    success_rate         | 0.65         |
| time/                   |              |
|    fps                  | 832          |
|    iterations           | 43           |
|    time_elapsed         | 105          |
|    total_timesteps      | 88064        |
| train/                  |              |
|    approx_kl            | 0.0061283913 |
|    clip_fraction        | 0.052        |
|    clip_range           | 0.2          |
|    entropy_loss         | -2.81        |
|    explained_variance   | 7.75e-07     |
|    learning_rate        | 0.0001       |
|    loss                 | 3.67e+03     |
|    n_updates            | 420          |
|    policy_gradient_loss | -0.00579     |
|    std                  | 0.986        |
|    value_loss           | 5.85e+03     |
------------------------------------------
round3-instant-seed3 validation 90000-430: 42/60, base=731.911, shaped=726.183
------------------------------------------
| rollout/                |              |
|    ep_len_mean          | 114          |
|    ep_rew_mean          | 635          |
|    success_rate         | 0.6          |
| time/                   |              |
|    fps                  | 806          |
|    iterations           | 44           |
|    time_elapsed         | 111          |
|    total_timesteps      | 90112        |
| train/                  |              |
|    approx_kl            | 0.0037178416 |
|    clip_fraction        | 0.0174       |
|    clip_range           | 0.2          |
|    entropy_loss         | -2.8         |
|    explained_variance   | 3.58e-07     |
|    learning_rate        | 0.0001       |
|    loss                 | 2.91e+03     |
|    n_updates            | 430          |
|    policy_gradient_loss | -0.00275     |
|    std                  | 0.981        |
|    value_loss           | 5.9e+03      |
------------------------------------------
------------------------------------------
| rollout/                |              |
|    ep_len_mean          | 115          |
|    ep_rew_mean          | 642          |
|    success_rate         | 0.6          |
| time/                   |              |
|    fps                  | 811          |
|    iterations           | 45           |
|    time_elapsed         | 113          |
|    total_timesteps      | 92160        |
| train/                  |              |
|    approx_kl            | 0.0031227274 |
|    clip_fraction        | 0.00581      |
|    clip_range           | 0.2          |
|    entropy_loss         | -2.8         |
|    explained_variance   | -9.54e-07    |
|    learning_rate        | 0.0001       |
|    loss                 | 2.69e+03     |
|    n_updates            | 440          |
|    policy_gradient_loss | -0.00185     |
|    std                  | 0.98         |
|    value_loss           | 5.68e+03     |
------------------------------------------
------------------------------------------
| rollout/                |              |
|    ep_len_mean          | 112          |
|    ep_rew_mean          | 624          |
|    success_rate         | 0.58         |
| time/                   |              |
|    fps                  | 816          |
|    iterations           | 46           |
|    time_elapsed         | 115          |
|    total_timesteps      | 94208        |
| train/                  |              |
|    approx_kl            | 0.0014527059 |
|    clip_fraction        | 0.00283      |
|    clip_range           | 0.2          |
|    entropy_loss         | -2.8         |
|    explained_variance   | -8.34e-07    |
|    learning_rate        | 0.0001       |
|    loss                 | 3.18e+03     |
|    n_updates            | 450          |
|    policy_gradient_loss | -0.00204     |
|    std                  | 0.981        |
|    value_loss           | 5.61e+03     |
------------------------------------------
-----------------------------------------
| rollout/                |             |
|    ep_len_mean          | 111         |
|    ep_rew_mean          | 621         |
|    success_rate         | 0.58        |
| time/                   |             |
|    fps                  | 822         |
|    iterations           | 47          |
|    time_elapsed         | 117         |
|    total_timesteps      | 96256       |
| train/                  |             |
|    approx_kl            | 0.003084316 |
|    clip_fraction        | 0.0187      |
|    clip_range           | 0.2         |
|    entropy_loss         | -2.8        |
|    explained_variance   | -2.38e-07   |
|    learning_rate        | 0.0001      |
|    loss                 | 3.01e+03    |
|    n_updates            | 460         |
|    policy_gradient_loss | -0.00292    |
|    std                  | 0.985       |
|    value_loss           | 5.83e+03    |
-----------------------------------------
-----------------------------------------
| rollout/                |             |
|    ep_len_mean          | 117         |
|    ep_rew_mean          | 670         |
|    success_rate         | 0.63        |
| time/                   |             |
|    fps                  | 826         |
|    iterations           | 48          |
|    time_elapsed         | 118         |
|    total_timesteps      | 98304       |
| train/                  |             |
|    approx_kl            | 0.005155973 |
|    clip_fraction        | 0.0432      |
|    clip_range           | 0.2         |
|    entropy_loss         | -2.81       |
|    explained_variance   | -4.77e-07   |
|    learning_rate        | 0.0001      |
|    loss                 | 3.09e+03    |
|    n_updates            | 470         |
|    policy_gradient_loss | -0.00441    |
|    std                  | 0.985       |
|    value_loss           | 6.24e+03    |
-----------------------------------------
round3-instant-seed3 validation 100000-480: 40/60, base=711.858, shaped=706.766
------------------------------------------
| rollout/                |              |
|    ep_len_mean          | 117          |
|    ep_rew_mean          | 678          |
|    success_rate         | 0.64         |
| time/                   |              |
|    fps                  | 804          |
|    iterations           | 49           |
|    time_elapsed         | 124          |
|    total_timesteps      | 100352       |
| train/                  |              |
|    approx_kl            | 0.0046343114 |
|    clip_fraction        | 0.0237       |
|    clip_range           | 0.2          |
|    entropy_loss         | -2.8         |
|    explained_variance   | -3.58e-07    |
|    learning_rate        | 0.0001       |
|    loss                 | 2.66e+03     |
|    n_updates            | 480          |
|    policy_gradient_loss | -0.00363     |
|    std                  | 0.981        |
|    value_loss           | 5.64e+03     |
------------------------------------------
------------------------------------------
| rollout/                |              |
|    ep_len_mean          | 112          |
|    ep_rew_mean          | 634          |
|    success_rate         | 0.59         |
| time/                   |              |
|    fps                  | 809          |
|    iterations           | 50           |
|    time_elapsed         | 126          |
|    total_timesteps      | 102400       |
| train/                  |              |
|    approx_kl            | 0.0058358875 |
|    clip_fraction        | 0.0376       |
|    clip_range           | 0.2          |
|    entropy_loss         | -2.8         |
|    explained_variance   | -1.19e-07    |
|    learning_rate        | 0.0001       |
|    loss                 | 3.33e+03     |
|    n_updates            | 490          |
|    policy_gradient_loss | -0.00322     |
|    std                  | 0.979        |
|    value_loss           | 5.89e+03     |
------------------------------------------
------------------------------------------
| rollout/                |              |
|    ep_len_mean          | 113          |
|    ep_rew_mean          | 646          |
|    success_rate         | 0.6          |
| time/                   |              |
|    fps                  | 814          |
|    iterations           | 51           |
|    time_elapsed         | 128          |
|    total_timesteps      | 104448       |
| train/                  |              |
|    approx_kl            | 0.0041179764 |
|    clip_fraction        | 0.0283       |
|    clip_range           | 0.2          |
|    entropy_loss         | -2.79        |
|    explained_variance   | 1.91e-06     |
|    learning_rate        | 0.0001       |
|    loss                 | 2.88e+03     |
|    n_updates            | 500          |
|    policy_gradient_loss | -0.00433     |
|    std                  | 0.972        |
|    value_loss           | 5.88e+03     |
------------------------------------------
-----------------------------------------
| rollout/                |             |
|    ep_len_mean          | 111         |
|    ep_rew_mean          | 630         |
|    success_rate         | 0.58        |
| time/                   |             |
|    fps                  | 819         |
|    iterations           | 52          |
|    time_elapsed         | 129         |
|    total_timesteps      | 106496      |
| train/                  |             |
|    approx_kl            | 0.006391187 |
|    clip_fraction        | 0.0466      |
|    clip_range           | 0.2         |
|    entropy_loss         | -2.78       |
|    explained_variance   | 0           |
|    learning_rate        | 0.0001      |
|    loss                 | 3.24e+03    |
|    n_updates            | 510         |
|    policy_gradient_loss | -0.00587    |
|    std                  | 0.972       |
|    value_loss           | 5.79e+03    |
-----------------------------------------
------------------------------------------
| rollout/                |              |
|    ep_len_mean          | 116          |
|    ep_rew_mean          | 671          |
|    success_rate         | 0.63         |
| time/                   |              |
|    fps                  | 823          |
|    iterations           | 53           |
|    time_elapsed         | 131          |
|    total_timesteps      | 108544       |
| train/                  |              |
|    approx_kl            | 0.0032844818 |
|    clip_fraction        | 0.00898      |
|    clip_range           | 0.2          |
|    entropy_loss         | -2.79        |
|    explained_variance   | -5.96e-07    |
|    learning_rate        | 0.0001       |
|    loss                 | 2.99e+03     |
|    n_updates            | 520          |
|    policy_gradient_loss | -0.00105     |
|    std                  | 0.977        |
|    value_loss           | 5.79e+03     |
------------------------------------------
round3-instant-seed3 validation 110000-530: 42/60, base=725.221, shaped=720.280
------------------------------------------
| rollout/                |              |
|    ep_len_mean          | 116          |
|    ep_rew_mean          | 676          |
|    success_rate         | 0.64         |
| time/                   |              |
|    fps                  | 803          |
|    iterations           | 54           |
|    time_elapsed         | 137          |
|    total_timesteps      | 110592       |
| train/                  |              |
|    approx_kl            | 0.0033525166 |
|    clip_fraction        | 0.0162       |
|    clip_range           | 0.2          |
|    entropy_loss         | -2.79        |
|    explained_variance   | 2.38e-07     |
|    learning_rate        | 0.0001       |
|    loss                 | 2.35e+03     |
|    n_updates            | 530          |
|    policy_gradient_loss | -0.00244     |
|    std                  | 0.975        |
|    value_loss           | 5.22e+03     |
------------------------------------------
------------------------------------------
| rollout/                |              |
|    ep_len_mean          | 119          |
|    ep_rew_mean          | 704          |
|    success_rate         | 0.68         |
| time/                   |              |
|    fps                  | 808          |
|    iterations           | 55           |
|    time_elapsed         | 139          |
|    total_timesteps      | 112640       |
| train/                  |              |
|    approx_kl            | 0.0065700216 |
|    clip_fraction        | 0.0658       |
|    clip_range           | 0.2          |
|    entropy_loss         | -2.79        |
|    explained_variance   | -1.55e-06    |
|    learning_rate        | 0.0001       |
|    loss                 | 2.23e+03     |
|    n_updates            | 540          |
|    policy_gradient_loss | -0.00813     |
|    std                  | 0.983        |
|    value_loss           | 5.26e+03     |
------------------------------------------
-----------------------------------------
| rollout/                |             |
|    ep_len_mean          | 121         |
|    ep_rew_mean          | 722         |
|    success_rate         | 0.7         |
| time/                   |             |
|    fps                  | 812         |
|    iterations           | 56          |
|    time_elapsed         | 141         |
|    total_timesteps      | 114688      |
| train/                  |             |
|    approx_kl            | 0.004540243 |
|    clip_fraction        | 0.0381      |
|    clip_range           | 0.2         |
|    entropy_loss         | -2.81       |
|    explained_variance   | -4.77e-07   |
|    learning_rate        | 0.0001      |
|    loss                 | 2.57e+03    |
|    n_updates            | 550         |
|    policy_gradient_loss | -0.00401    |
|    std                  | 0.986       |
|    value_loss           | 5.2e+03     |
-----------------------------------------
------------------------------------------
| rollout/                |              |
|    ep_len_mean          | 122          |
|    ep_rew_mean          | 729          |
|    success_rate         | 0.71         |
| time/                   |              |
|    fps                  | 816          |
|    iterations           | 57           |
|    time_elapsed         | 142          |
|    total_timesteps      | 116736       |
| train/                  |              |
|    approx_kl            | 0.0038952292 |
|    clip_fraction        | 0.0132       |
|    clip_range           | 0.2          |
|    entropy_loss         | -2.81        |
|    explained_variance   | 2.38e-07     |
|    learning_rate        | 0.0001       |
|    loss                 | 2.65e+03     |
|    n_updates            | 560          |
|    policy_gradient_loss | -0.00146     |
|    std                  | 0.984        |
|    value_loss           | 5.38e+03     |
------------------------------------------
-----------------------------------------
| rollout/                |             |
|    ep_len_mean          | 124         |
|    ep_rew_mean          | 750         |
|    success_rate         | 0.74        |
| time/                   |             |
|    fps                  | 820         |
|    iterations           | 58          |
|    time_elapsed         | 144         |
|    total_timesteps      | 118784      |
| train/                  |             |
|    approx_kl            | 0.009000413 |
|    clip_fraction        | 0.0874      |
|    clip_range           | 0.2         |
|    entropy_loss         | -2.81       |
|    explained_variance   | 7.15e-07    |
|    learning_rate        | 0.0001      |
|    loss                 | 2.5e+03     |
|    n_updates            | 570         |
|    policy_gradient_loss | -0.00598    |
|    std                  | 0.988       |
|    value_loss           | 5.13e+03    |
-----------------------------------------
round3-instant-seed3 validation 120000-580: 43/60, base=738.558, shaped=733.823
---------------------------------------
| rollout/                |           |
|    ep_len_mean          | 124       |
|    ep_rew_mean          | 753       |
|    success_rate         | 0.75      |
| time/                   |           |
|    fps                  | 802       |
|    iterations           | 59        |
|    time_elapsed         | 150       |
|    total_timesteps      | 120832    |
| train/                  |           |
|    approx_kl            | 0.0045396 |
|    clip_fraction        | 0.0336    |
|    clip_range           | 0.2       |
|    entropy_loss         | -2.82     |
|    explained_variance   | 3.58e-07  |
|    learning_rate        | 0.0001    |
|    loss                 | 2.48e+03  |
|    n_updates            | 580       |
|    policy_gradient_loss | -0.00462  |
|    std                  | 0.993     |
|    value_loss           | 5.26e+03  |
---------------------------------------
------------------------------------------
| rollout/                |              |
|    ep_len_mean          | 124          |
|    ep_rew_mean          | 751          |
|    success_rate         | 0.74         |
| time/                   |              |
|    fps                  | 806          |
|    iterations           | 60           |
|    time_elapsed         | 152          |
|    total_timesteps      | 122880       |
| train/                  |              |
|    approx_kl            | 0.0067715356 |
|    clip_fraction        | 0.0591       |
|    clip_range           | 0.2          |
|    entropy_loss         | -2.83        |
|    explained_variance   | 1.01e-06     |
|    learning_rate        | 0.0001       |
|    loss                 | 2.56e+03     |
|    n_updates            | 590          |
|    policy_gradient_loss | -0.00648     |
|    std                  | 0.998        |
|    value_loss           | 4.92e+03     |
------------------------------------------
------------------------------------------
| rollout/                |              |
|    ep_len_mean          | 122          |
|    ep_rew_mean          | 736          |
|    success_rate         | 0.72         |
| time/                   |              |
|    fps                  | 810          |
|    iterations           | 61           |
|    time_elapsed         | 154          |
|    total_timesteps      | 124928       |
| train/                  |              |
|    approx_kl            | 0.0042576557 |
|    clip_fraction        | 0.0212       |
|    clip_range           | 0.2          |
|    entropy_loss         | -2.83        |
|    explained_variance   | 5.36e-07     |
|    learning_rate        | 0.0001       |
|    loss                 | 3.26e+03     |
|    n_updates            | 600          |
|    policy_gradient_loss | -0.00201     |
|    std                  | 0.997        |
|    value_loss           | 5.33e+03     |
------------------------------------------
------------------------------------------
| rollout/                |              |
|    ep_len_mean          | 122          |
|    ep_rew_mean          | 747          |
|    success_rate         | 0.74         |
| time/                   |              |
|    fps                  | 814          |
|    iterations           | 62           |
|    time_elapsed         | 155          |
|    total_timesteps      | 126976       |
| train/                  |              |
|    approx_kl            | 0.0041017355 |
|    clip_fraction        | 0.0285       |
|    clip_range           | 0.2          |
|    entropy_loss         | -2.83        |
|    explained_variance   | 3.58e-07     |
|    learning_rate        | 0.0001       |
|    loss                 | 3e+03        |
|    n_updates            | 610          |
|    policy_gradient_loss | -0.00321     |
|    std                  | 0.996        |
|    value_loss           | 5.33e+03     |
------------------------------------------
-----------------------------------------
| rollout/                |             |
|    ep_len_mean          | 121         |
|    ep_rew_mean          | 744         |
|    success_rate         | 0.74        |
| time/                   |             |
|    fps                  | 818         |
|    iterations           | 63          |
|    time_elapsed         | 157         |
|    total_timesteps      | 129024      |
| train/                  |             |
|    approx_kl            | 0.003981807 |
|    clip_fraction        | 0.0371      |
|    clip_range           | 0.2         |
|    entropy_loss         | -2.83       |
|    explained_variance   | 5.96e-08    |
|    learning_rate        | 0.0001      |
|    loss                 | 2.36e+03    |
|    n_updates            | 620         |
|    policy_gradient_loss | -0.00324    |
|    std                  | 0.998       |
|    value_loss           | 5.13e+03    |
-----------------------------------------
round3-instant-seed3 validation 130000-630: 37/60, base=668.671, shaped=664.150
------------------------------------------
| rollout/                |              |
|    ep_len_mean          | 120          |
|    ep_rew_mean          | 733          |
|    success_rate         | 0.72         |
| time/                   |              |
|    fps                  | 802          |
|    iterations           | 64           |
|    time_elapsed         | 163          |
|    total_timesteps      | 131072       |
| train/                  |              |
|    approx_kl            | 0.0030287157 |
|    clip_fraction        | 0.0159       |
|    clip_range           | 0.2          |
|    entropy_loss         | -2.83        |
|    explained_variance   | 2.38e-07     |
|    learning_rate        | 0.0001       |
|    loss                 | 3.09e+03     |
|    n_updates            | 630          |
|    policy_gradient_loss | -0.00209     |
|    std                  | 0.998        |
|    value_loss           | 5.04e+03     |
------------------------------------------
-----------------------------------------
| rollout/                |             |
|    ep_len_mean          | 120         |
|    ep_rew_mean          | 736         |
|    success_rate         | 0.72        |
| time/                   |             |
|    fps                  | 806         |
|    iterations           | 65          |
|    time_elapsed         | 165         |
|    total_timesteps      | 133120      |
| train/                  |             |
|    approx_kl            | 0.003274207 |
|    clip_fraction        | 0.0135      |
|    clip_range           | 0.2         |
|    entropy_loss         | -2.84       |
|    explained_variance   | 0           |
|    learning_rate        | 0.0001      |
|    loss                 | 2.14e+03    |
|    n_updates            | 640         |
|    policy_gradient_loss | -0.00359    |
|    std                  | 1.01        |
|    value_loss           | 5.13e+03    |
-----------------------------------------
------------------------------------------
| rollout/                |              |
|    ep_len_mean          | 119          |
|    ep_rew_mean          | 735          |
|    success_rate         | 0.73         |
| time/                   |              |
|    fps                  | 810          |
|    iterations           | 66           |
|    time_elapsed         | 166          |
|    total_timesteps      | 135168       |
| train/                  |              |
|    approx_kl            | 0.0062967343 |
|    clip_fraction        | 0.0793       |
|    clip_range           | 0.2          |
|    entropy_loss         | -2.85        |
|    explained_variance   | 4.17e-07     |
|    learning_rate        | 0.0001       |
|    loss                 | 2.26e+03     |
|    n_updates            | 650          |
|    policy_gradient_loss | -0.00706     |
|    std                  | 1.01         |
|    value_loss           | 4.74e+03     |
------------------------------------------
------------------------------------------
| rollout/                |              |
|    ep_len_mean          | 122          |
|    ep_rew_mean          | 755          |
|    success_rate         | 0.75         |
| time/                   |              |
|    fps                  | 813          |
|    iterations           | 67           |
|    time_elapsed         | 168          |
|    total_timesteps      | 137216       |
| train/                  |              |
|    approx_kl            | 0.0057673166 |
|    clip_fraction        | 0.0485       |
|    clip_range           | 0.2          |
|    entropy_loss         | -2.86        |
|    explained_variance   | 1.19e-07     |
|    learning_rate        | 0.0001       |
|    loss                 | 2.72e+03     |
|    n_updates            | 660          |
|    policy_gradient_loss | -0.00412     |
|    std                  | 1.01         |
|    value_loss           | 5.12e+03     |
------------------------------------------
-----------------------------------------
| rollout/                |             |
|    ep_len_mean          | 121         |
|    ep_rew_mean          | 752         |
|    success_rate         | 0.75        |
| time/                   |             |
|    fps                  | 817         |
|    iterations           | 68          |
|    time_elapsed         | 170         |
|    total_timesteps      | 139264      |
| train/                  |             |
|    approx_kl            | 0.002176982 |
|    clip_fraction        | 0.0101      |
|    clip_range           | 0.2         |
|    entropy_loss         | -2.86       |
|    explained_variance   | 2.38e-07    |
|    learning_rate        | 0.0001      |
|    loss                 | 2.39e+03    |
|    n_updates            | 670         |
|    policy_gradient_loss | -0.0026     |
|    std                  | 1.01        |
|    value_loss           | 4.76e+03    |
-----------------------------------------
round3-instant-seed3 validation 140000-680: 38/60, base=675.158, shaped=670.552
------------------------------------------
| rollout/                |              |
|    ep_len_mean          | 119          |
|    ep_rew_mean          | 737          |
|    success_rate         | 0.74         |
| time/                   |              |
|    fps                  | 802          |
|    iterations           | 69           |
|    time_elapsed         | 176          |
|    total_timesteps      | 141312       |
| train/                  |              |
|    approx_kl            | 0.0039017736 |
|    clip_fraction        | 0.0226       |
|    clip_range           | 0.2          |
|    entropy_loss         | -2.86        |
|    explained_variance   | 4.17e-07     |
|    learning_rate        | 0.0001       |
|    loss                 | 2.13e+03     |
|    n_updates            | 680          |
|    policy_gradient_loss | -0.00217     |
|    std                  | 1.01         |
|    value_loss           | 4.94e+03     |
------------------------------------------
------------------------------------------
| rollout/                |              |
|    ep_len_mean          | 119          |
|    ep_rew_mean          | 740          |
|    success_rate         | 0.75         |
| time/                   |              |
|    fps                  | 805          |
|    iterations           | 70           |
|    time_elapsed         | 177          |
|    total_timesteps      | 143360       |
| train/                  |              |
|    approx_kl            | 0.0043244585 |
|    clip_fraction        | 0.0208       |
|    clip_range           | 0.2          |
|    entropy_loss         | -2.85        |
|    explained_variance   | 5.36e-07     |
|    learning_rate        | 0.0001       |
|    loss                 | 2.92e+03     |
|    n_updates            | 690          |
|    policy_gradient_loss | -0.0039      |
|    std                  | 1.01         |
|    value_loss           | 5.57e+03     |
------------------------------------------
------------------------------------------
| rollout/                |              |
|    ep_len_mean          | 116          |
|    ep_rew_mean          | 708          |
|    success_rate         | 0.7          |
| time/                   |              |
|    fps                  | 809          |
|    iterations           | 71           |
|    time_elapsed         | 179          |
|    total_timesteps      | 145408       |
| train/                  |              |
|    approx_kl            | 0.0043437006 |
|    clip_fraction        | 0.0315       |
|    clip_range           | 0.2          |
|    entropy_loss         | -2.85        |
|    explained_variance   | 2.98e-07     |
|    learning_rate        | 0.0001       |
|    loss                 | 2.55e+03     |
|    n_updates            | 700          |
|    policy_gradient_loss | -0.00564     |
|    std                  | 1.01         |
|    value_loss           | 4.93e+03     |
------------------------------------------
-----------------------------------------
| rollout/                |             |
|    ep_len_mean          | 113         |
|    ep_rew_mean          | 691         |
|    success_rate         | 0.69        |
| time/                   |             |
|    fps                  | 812         |
|    iterations           | 72          |
|    time_elapsed         | 181         |
|    total_timesteps      | 147456      |
| train/                  |             |
|    approx_kl            | 0.004728097 |
|    clip_fraction        | 0.0345      |
|    clip_range           | 0.2         |
|    entropy_loss         | -2.85       |
|    explained_variance   | 0           |
|    learning_rate        | 0.0001      |
|    loss                 | 2.92e+03    |
|    n_updates            | 710         |
|    policy_gradient_loss | -0.00501    |
|    std                  | 1.01        |
|    value_loss           | 4.95e+03    |
-----------------------------------------
------------------------------------------
| rollout/                |              |
|    ep_len_mean          | 109          |
|    ep_rew_mean          | 656          |
|    success_rate         | 0.65         |
| time/                   |              |
|    fps                  | 815          |
|    iterations           | 73           |
|    time_elapsed         | 183          |
|    total_timesteps      | 149504       |
| train/                  |              |
|    approx_kl            | 0.0052324776 |
|    clip_fraction        | 0.0272       |
|    clip_range           | 0.2          |
|    entropy_loss         | -2.85        |
|    explained_variance   | 2.98e-07     |
|    learning_rate        | 0.0001       |
|    loss                 | 3.15e+03     |
|    n_updates            | 720          |
|    policy_gradient_loss | -0.00471     |
|    std                  | 1.01         |
|    value_loss           | 5.51e+03     |
------------------------------------------
round3-instant-seed3 validation 150000-730: 42/60, base=740.384, shaped=735.996
------------------------------------------
| rollout/                |              |
|    ep_len_mean          | 112          |
|    ep_rew_mean          | 674          |
|    success_rate         | 0.67         |
| time/                   |              |
|    fps                  | 800          |
|    iterations           | 74           |
|    time_elapsed         | 189          |
|    total_timesteps      | 151552       |
| train/                  |              |
|    approx_kl            | 0.0027961796 |
|    clip_fraction        | 0.0208       |
|    clip_range           | 0.2          |
|    entropy_loss         | -2.85        |
|    explained_variance   | 2.38e-07     |
|    learning_rate        | 0.0001       |
|    loss                 | 2.52e+03     |
|    n_updates            | 730          |
|    policy_gradient_loss | -0.00191     |
|    std                  | 1.01         |
|    value_loss           | 4.93e+03     |
------------------------------------------
------------------------------------------
| rollout/                |              |
|    ep_len_mean          | 114          |
|    ep_rew_mean          | 684          |
|    success_rate         | 0.67         |
| time/                   |              |
|    fps                  | 803          |
|    iterations           | 75           |
|    time_elapsed         | 191          |
|    total_timesteps      | 153600       |
| train/                  |              |
|    approx_kl            | 0.0042943954 |
|    clip_fraction        | 0.0202       |
|    clip_range           | 0.2          |
|    entropy_loss         | -2.86        |
|    explained_variance   | 4.77e-07     |
|    learning_rate        | 0.0001       |
|    loss                 | 2.67e+03     |
|    n_updates            | 740          |
|    policy_gradient_loss | -0.0034      |
|    std                  | 1.01         |
|    value_loss           | 4.42e+03     |
------------------------------------------
------------------------------------------
| rollout/                |              |
|    ep_len_mean          | 115          |
|    ep_rew_mean          | 686          |
|    success_rate         | 0.67         |
| time/                   |              |
|    fps                  | 807          |
|    iterations           | 76           |
|    time_elapsed         | 192          |
|    total_timesteps      | 155648       |
| train/                  |              |
|    approx_kl            | 0.0070475955 |
|    clip_fraction        | 0.0448       |
|    clip_range           | 0.2          |
|    entropy_loss         | -2.86        |
|    explained_variance   | 4.17e-06     |
|    learning_rate        | 0.0001       |
|    loss                 | 1.74e+03     |
|    n_updates            | 750          |
|    policy_gradient_loss | -0.00491     |
|    std                  | 1.01         |
|    value_loss           | 4.83e+03     |
------------------------------------------
------------------------------------------
| rollout/                |              |
|    ep_len_mean          | 116          |
|    ep_rew_mean          | 686          |
|    success_rate         | 0.67         |
| time/                   |              |
|    fps                  | 810          |
|    iterations           | 77           |
|    time_elapsed         | 194          |
|    total_timesteps      | 157696       |
| train/                  |              |
|    approx_kl            | 0.0040739356 |
|    clip_fraction        | 0.0253       |
|    clip_range           | 0.2          |
|    entropy_loss         | -2.86        |
|    explained_variance   | 0            |
|    learning_rate        | 0.0001       |
|    loss                 | 1.89e+03     |
|    n_updates            | 760          |
|    policy_gradient_loss | -0.00319     |
|    std                  | 1.01         |
|    value_loss           | 4.16e+03     |
------------------------------------------
-----------------------------------------
| rollout/                |             |
|    ep_len_mean          | 117         |
|    ep_rew_mean          | 687         |
|    success_rate         | 0.66        |
| time/                   |             |
|    fps                  | 813         |
|    iterations           | 78          |
|    time_elapsed         | 196         |
|    total_timesteps      | 159744      |
| train/                  |             |
|    approx_kl            | 0.003603923 |
|    clip_fraction        | 0.0221      |
|    clip_range           | 0.2         |
|    entropy_loss         | -2.85       |
|    explained_variance   | 1.19e-07    |
|    learning_rate        | 0.0001      |
|    loss                 | 3.59e+03    |
|    n_updates            | 770         |
|    policy_gradient_loss | -0.00247    |
|    std                  | 1.01        |
|    value_loss           | 5.08e+03    |
-----------------------------------------
round3-instant-seed3 validation 160000-780: 39/60, base=699.374, shaped=694.841
------------------------------------------
| rollout/                |              |
|    ep_len_mean          | 117          |
|    ep_rew_mean          | 682          |
|    success_rate         | 0.65         |
| time/                   |              |
|    fps                  | 799          |
|    iterations           | 79           |
|    time_elapsed         | 202          |
|    total_timesteps      | 161792       |
| train/                  |              |
|    approx_kl            | 0.0046472186 |
|    clip_fraction        | 0.0413       |
|    clip_range           | 0.2          |
|    entropy_loss         | -2.85        |
|    explained_variance   | 0            |
|    learning_rate        | 0.0001       |
|    loss                 | 1.72e+03     |
|    n_updates            | 780          |
|    policy_gradient_loss | -0.00383     |
|    std                  | 1.01         |
|    value_loss           | 5.49e+03     |
------------------------------------------
-----------------------------------------
| rollout/                |             |
|    ep_len_mean          | 119         |
|    ep_rew_mean          | 701         |
|    success_rate         | 0.67        |
| time/                   |             |
|    fps                  | 802         |
|    iterations           | 80          |
|    time_elapsed         | 204         |
|    total_timesteps      | 163840      |
| train/                  |             |
|    approx_kl            | 0.005191457 |
|    clip_fraction        | 0.0423      |
|    clip_range           | 0.2         |
|    entropy_loss         | -2.86       |
|    explained_variance   | 5.96e-08    |
|    learning_rate        | 0.0001      |
|    loss                 | 1.7e+03     |
|    n_updates            | 790         |
|    policy_gradient_loss | -0.00453    |
|    std                  | 1.01        |
|    value_loss           | 4.65e+03    |
-----------------------------------------
------------------------------------------
| rollout/                |              |
|    ep_len_mean          | 120          |
|    ep_rew_mean          | 711          |
|    success_rate         | 0.68         |
| time/                   |              |
|    fps                  | 805          |
|    iterations           | 81           |
|    time_elapsed         | 205          |
|    total_timesteps      | 165888       |
| train/                  |              |
|    approx_kl            | 0.0024844825 |
|    clip_fraction        | 0.00806      |
|    clip_range           | 0.2          |
|    entropy_loss         | -2.85        |
|    explained_variance   | 4.17e-07     |
|    learning_rate        | 0.0001       |
|    loss                 | 1.77e+03     |
|    n_updates            | 800          |
|    policy_gradient_loss | -0.00235     |
|    std                  | 1.01         |
|    value_loss           | 4.08e+03     |
------------------------------------------
------------------------------------------
| rollout/                |              |
|    ep_len_mean          | 120          |
|    ep_rew_mean          | 711          |
|    success_rate         | 0.68         |
| time/                   |              |
|    fps                  | 808          |
|    iterations           | 82           |
|    time_elapsed         | 207          |
|    total_timesteps      | 167936       |
| train/                  |              |
|    approx_kl            | 0.0058245887 |
|    clip_fraction        | 0.0406       |
|    clip_range           | 0.2          |
|    entropy_loss         | -2.85        |
|    explained_variance   | 1.19e-07     |
|    learning_rate        | 0.0001       |
|    loss                 | 1.85e+03     |
|    n_updates            | 810          |
|    policy_gradient_loss | -0.00358     |
|    std                  | 1            |
|    value_loss           | 4.1e+03      |
------------------------------------------
------------------------------------------
| rollout/                |              |
|    ep_len_mean          | 118          |
|    ep_rew_mean          | 697          |
|    success_rate         | 0.67         |
| time/                   |              |
|    fps                  | 811          |
|    iterations           | 83           |
|    time_elapsed         | 209          |
|    total_timesteps      | 169984       |
| train/                  |              |
|    approx_kl            | 0.0038972083 |
|    clip_fraction        | 0.0192       |
|    clip_range           | 0.2          |
|    entropy_loss         | -2.85        |
|    explained_variance   | 1.19e-07     |
|    learning_rate        | 0.0001       |
|    loss                 | 2.2e+03      |
|    n_updates            | 820          |
|    policy_gradient_loss | -0.00304     |
|    std                  | 1            |
|    value_loss           | 4.19e+03     |
------------------------------------------
round3-instant-seed3 validation 170000-830: 40/60, base=700.601, shaped=695.846
-----------------------------------------
| rollout/                |             |
|    ep_len_mean          | 124         |
|    ep_rew_mean          | 756         |
|    success_rate         | 0.74        |
| time/                   |             |
|    fps                  | 799         |
|    iterations           | 84          |
|    time_elapsed         | 215         |
|    total_timesteps      | 172032      |
| train/                  |             |
|    approx_kl            | 0.006283136 |
|    clip_fraction        | 0.0536      |
|    clip_range           | 0.2         |
|    entropy_loss         | -2.84       |
|    explained_variance   | 1.19e-07    |
|    learning_rate        | 0.0001      |
|    loss                 | 2.83e+03    |
|    n_updates            | 830         |
|    policy_gradient_loss | -0.00606    |
|    std                  | 1           |
|    value_loss           | 5.38e+03    |
-----------------------------------------
------------------------------------------
| rollout/                |              |
|    ep_len_mean          | 126          |
|    ep_rew_mean          | 777          |
|    success_rate         | 0.77         |
| time/                   |              |
|    fps                  | 801          |
|    iterations           | 85           |
|    time_elapsed         | 217          |
|    total_timesteps      | 174080       |
| train/                  |              |
|    approx_kl            | 0.0058020116 |
|    clip_fraction        | 0.0272       |
|    clip_range           | 0.2          |
|    entropy_loss         | -2.85        |
|    explained_variance   | 4.77e-07     |
|    learning_rate        | 0.0001       |
|    loss                 | 1.47e+03     |
|    n_updates            | 840          |
|    policy_gradient_loss | -0.00364     |
|    std                  | 1            |
|    value_loss           | 3.48e+03     |
------------------------------------------
-----------------------------------------
| rollout/                |             |
|    ep_len_mean          | 121         |
|    ep_rew_mean          | 729         |
|    success_rate         | 0.71        |
| time/                   |             |
|    fps                  | 804         |
|    iterations           | 86          |
|    time_elapsed         | 218         |
|    total_timesteps      | 176128      |
| train/                  |             |
|    approx_kl            | 0.005977031 |
|    clip_fraction        | 0.0355      |
|    clip_range           | 0.2         |
|    entropy_loss         | -2.84       |
|    explained_variance   | 5.36e-07    |
|    learning_rate        | 0.0001      |
|    loss                 | 1.49e+03    |
|    n_updates            | 850         |
|    policy_gradient_loss | -0.0049     |
|    std                  | 1           |
|    value_loss           | 3.62e+03    |
-----------------------------------------
-----------------------------------------
| rollout/                |             |
|    ep_len_mean          | 116         |
|    ep_rew_mean          | 698         |
|    success_rate         | 0.68        |
| time/                   |             |
|    fps                  | 807         |
|    iterations           | 87          |
|    time_elapsed         | 220         |
|    total_timesteps      | 178176      |
| train/                  |             |
|    approx_kl            | 0.004275971 |
|    clip_fraction        | 0.0463      |
|    clip_range           | 0.2         |
|    entropy_loss         | -2.84       |
|    explained_variance   | 1.19e-07    |
|    learning_rate        | 0.0001      |
|    loss                 | 3.55e+03    |
|    n_updates            | 860         |
|    policy_gradient_loss | -0.00569    |
|    std                  | 1           |
|    value_loss           | 5.95e+03    |
-----------------------------------------
round3-instant-seed3 validation 180000-870: 30/60, base=549.329, shaped=544.411
------------------------------------------
| rollout/                |              |
|    ep_len_mean          | 116          |
|    ep_rew_mean          | 698          |
|    success_rate         | 0.68         |
| time/                   |              |
|    fps                  | 798          |
|    iterations           | 88           |
|    time_elapsed         | 225          |
|    total_timesteps      | 180224       |
| train/                  |              |
|    approx_kl            | 0.0026760518 |
|    clip_fraction        | 0.0185       |
|    clip_range           | 0.2          |
|    entropy_loss         | -2.85        |
|    explained_variance   | 5.96e-08     |
|    learning_rate        | 0.0001       |
|    loss                 | 2.94e+03     |
|    n_updates            | 870          |
|    policy_gradient_loss | -0.00301     |
|    std                  | 1.01         |
|    value_loss           | 4.77e+03     |
------------------------------------------
-----------------------------------------
| rollout/                |             |
|    ep_len_mean          | 118         |
|    ep_rew_mean          | 718         |
|    success_rate         | 0.7         |
| time/                   |             |
|    fps                  | 800         |
|    iterations           | 89          |
|    time_elapsed         | 227         |
|    total_timesteps      | 182272      |
| train/                  |             |
|    approx_kl            | 0.004709985 |
|    clip_fraction        | 0.024       |
|    clip_range           | 0.2         |
|    entropy_loss         | -2.85       |
|    explained_variance   | 5.96e-08    |
|    learning_rate        | 0.0001      |
|    loss                 | 3.3e+03     |
|    n_updates            | 880         |
|    policy_gradient_loss | -0.00314    |
|    std                  | 1           |
|    value_loss           | 4.88e+03    |
-----------------------------------------
------------------------------------------
| rollout/                |              |
|    ep_len_mean          | 115          |
|    ep_rew_mean          | 693          |
|    success_rate         | 0.67         |
| time/                   |              |
|    fps                  | 803          |
|    iterations           | 90           |
|    time_elapsed         | 229          |
|    total_timesteps      | 184320       |
| train/                  |              |
|    approx_kl            | 0.0047963103 |
|    clip_fraction        | 0.04         |
|    clip_range           | 0.2          |
|    entropy_loss         | -2.85        |
|    explained_variance   | 0            |
|    learning_rate        | 0.0001       |
|    loss                 | 2.16e+03     |
|    n_updates            | 890          |
|    policy_gradient_loss | -0.00527     |
|    std                  | 1.01         |
|    value_loss           | 4.28e+03     |
------------------------------------------
------------------------------------------
| rollout/                |              |
|    ep_len_mean          | 113          |
|    ep_rew_mean          | 676          |
|    success_rate         | 0.65         |
| time/                   |              |
|    fps                  | 806          |
|    iterations           | 91           |
|    time_elapsed         | 231          |
|    total_timesteps      | 186368       |
| train/                  |              |
|    approx_kl            | 0.0033090946 |
|    clip_fraction        | 0.0108       |
|    clip_range           | 0.2          |
|    entropy_loss         | -2.85        |
|    explained_variance   | 0            |
|    learning_rate        | 0.0001       |
|    loss                 | 1.56e+03     |
|    n_updates            | 900          |
|    policy_gradient_loss | -0.00306     |
|    std                  | 1            |
|    value_loss           | 4.24e+03     |
------------------------------------------
------------------------------------------
| rollout/                |              |
|    ep_len_mean          | 117          |
|    ep_rew_mean          | 708          |
|    success_rate         | 0.69         |
| time/                   |              |
|    fps                  | 809          |
|    iterations           | 92           |
|    time_elapsed         | 232          |
|    total_timesteps      | 188416       |
| train/                  |              |
|    approx_kl            | 0.0028919694 |
|    clip_fraction        | 0.0274       |
|    clip_range           | 0.2          |
|    entropy_loss         | -2.85        |
|    explained_variance   | 5.96e-08     |
|    learning_rate        | 0.0001       |
|    loss                 | 1.58e+03     |
|    n_updates            | 910          |
|    policy_gradient_loss | -0.00376     |
|    std                  | 1            |
|    value_loss           | 4.34e+03     |
------------------------------------------
round3-instant-seed3 validation 190000-920: 41/60, base=728.484, shaped=723.474
------------------------------------------
| rollout/                |              |
|    ep_len_mean          | 115          |
|    ep_rew_mean          | 686          |
|    success_rate         | 0.65         |
| time/                   |              |
|    fps                  | 798          |
|    iterations           | 93           |
|    time_elapsed         | 238          |
|    total_timesteps      | 190464       |
| train/                  |              |
|    approx_kl            | 0.0053011565 |
|    clip_fraction        | 0.0528       |
|    clip_range           | 0.2          |
|    entropy_loss         | -2.85        |
|    explained_variance   | 5.96e-08     |
|    learning_rate        | 0.0001       |
|    loss                 | 3.85e+03     |
|    n_updates            | 920          |
|    policy_gradient_loss | -0.00608     |
|    std                  | 1.01         |
|    value_loss           | 4.82e+03     |
------------------------------------------
------------------------------------------
| rollout/                |              |
|    ep_len_mean          | 115          |
|    ep_rew_mean          | 682          |
|    success_rate         | 0.64         |
| time/                   |              |
|    fps                  | 801          |
|    iterations           | 94           |
|    time_elapsed         | 240          |
|    total_timesteps      | 192512       |
| train/                  |              |
|    approx_kl            | 0.0056552757 |
|    clip_fraction        | 0.0529       |
|    clip_range           | 0.2          |
|    entropy_loss         | -2.86        |
|    explained_variance   | -1.19e-07    |
|    learning_rate        | 0.0001       |
|    loss                 | 1.71e+03     |
|    n_updates            | 930          |
|    policy_gradient_loss | -0.00614     |
|    std                  | 1.01         |
|    value_loss           | 5.32e+03     |
------------------------------------------
-----------------------------------------
| rollout/                |             |
|    ep_len_mean          | 118         |
|    ep_rew_mean          | 701         |
|    success_rate         | 0.66        |
| time/                   |             |
|    fps                  | 804         |
|    iterations           | 95          |
|    time_elapsed         | 241         |
|    total_timesteps      | 194560      |
| train/                  |             |
|    approx_kl            | 0.002867309 |
|    clip_fraction        | 0.00698     |
|    clip_range           | 0.2         |
|    entropy_loss         | -2.86       |
|    explained_variance   | 0           |
|    learning_rate        | 0.0001      |
|    loss                 | 2.59e+03    |
|    n_updates            | 940         |
|    policy_gradient_loss | -0.00272    |
|    std                  | 1.02        |
|    value_loss           | 4.35e+03    |
-----------------------------------------
------------------------------------------
| rollout/                |              |
|    ep_len_mean          | 117          |
|    ep_rew_mean          | 696          |
|    success_rate         | 0.66         |
| time/                   |              |
|    fps                  | 807          |
|    iterations           | 96           |
|    time_elapsed         | 243          |
|    total_timesteps      | 196608       |
| train/                  |              |
|    approx_kl            | 0.0059211277 |
|    clip_fraction        | 0.0526       |
|    clip_range           | 0.2          |
|    entropy_loss         | -2.87        |
|    explained_variance   | 0            |
|    learning_rate        | 0.0001       |
|    loss                 | 1.75e+03     |
|    n_updates            | 950          |
|    policy_gradient_loss | -0.00808     |
|    std                  | 1.02         |
|    value_loss           | 3.9e+03      |
------------------------------------------
---------------------------------------
| rollout/                |           |
|    ep_len_mean          | 118       |
|    ep_rew_mean          | 709       |
|    success_rate         | 0.67      |
| time/                   |           |
|    fps                  | 810       |
|    iterations           | 97        |
|    time_elapsed         | 245       |
|    total_timesteps      | 198656    |
| train/                  |           |
|    approx_kl            | 0.0055457 |
|    clip_fraction        | 0.0396    |
|    clip_range           | 0.2       |
|    entropy_loss         | -2.88     |
|    explained_variance   | 0         |
|    learning_rate        | 0.0001    |
|    loss                 | 1.27e+03  |
|    n_updates            | 960       |
|    policy_gradient_loss | -0.00498  |
|    std                  | 1.02      |
|    value_loss           | 3.76e+03  |
---------------------------------------
round3-instant-seed3 validation 200000-970: 44/60, base=765.232, shaped=760.164
-----------------------------------------
| rollout/                |             |
|    ep_len_mean          | 122         |
|    ep_rew_mean          | 738         |
|    success_rate         | 0.7         |
| time/                   |             |
|    fps                  | 799         |
|    iterations           | 98          |
|    time_elapsed         | 250         |
|    total_timesteps      | 200704      |
| train/                  |             |
|    approx_kl            | 0.003826149 |
|    clip_fraction        | 0.0218      |
|    clip_range           | 0.2         |
|    entropy_loss         | -2.89       |
|    explained_variance   | 0           |
|    learning_rate        | 0.0001      |
|    loss                 | 1.9e+03     |
|    n_updates            | 970         |
|    policy_gradient_loss | -0.00209    |
|    std                  | 1.03        |
|    value_loss           | 4.01e+03    |
-----------------------------------------
round3-instant-seed3 validation 200704-980: 42/60, base=743.584, shaped=738.826
 100% ----------------------- 200,704/200,000  [ 0:04:10 < 0:00:00 , 817 it/s ]
Training reward curve saved to D:\PycharmProjects\simple-dynamic-path-planning\runs\round3-instant-seed3\results\training_reward_curve.png
Completed round3-instant-seed3; legacy/default latest model pointer was not changed.
